// Jest Snapshot v1, https://goo.gl/fbAQLP

exports[`Home renders correctly 1`] = `
<a
  className="chakra-link css-0"
  href="/"
>
  Home Page
</a>
`;
